
> my-v0-project@0.1.0 build
> next build

  Γû▓ Next.js 14.2.25
  - Environments: .env.local, .env

   Creating an optimized production build ...
node.exe : Error: Cannot apply 
unknown utility class `shadow-[
inset_0_0_20px_rgba(255,`
At C:\Program 
Files\nodejs\npm.ps1:29 char:3
+   & $NODE_EXE $NPM_CLI_JS 
$args
+   
~~~~~~~~~~~~~~~~~~~~~~~~~~~~~
    + CategoryInfo          :  
   NotSpecified: (Error: Cann  
  ot a...20px_rgba(255,`:Str   
 ing) [], RemoteException
    + FullyQualifiedErrorId :  
   NativeCommandError
 
    at onInvalidCandidate 
(C:\Users\hp\Desktop\Flyeng 
Career\Final Folder\node_module
s\tailwindcss\dist\lib.js:21:15
11)
    at Te 
(C:\Users\hp\Desktop\Flyeng 
Career\Final Folder\node_module
s\tailwindcss\dist\lib.js:16:36
038)
    at 
C:\Users\hp\Desktop\Flyeng 
Career\Final Folder\node_module
s\tailwindcss\dist\lib.js:21:35
5
    at Tr 
(C:\Users\hp\Desktop\Flyeng 
Career\Final Folder\node_module
s\tailwindcss\dist\lib.js:3:171
8)
    at _ 
(C:\Users\hp\Desktop\Flyeng 
Career\Final Folder\node_module
s\tailwindcss\dist\lib.js:3:137
7)
    at Se 
(C:\Users\hp\Desktop\Flyeng 
Career\Final Folder\node_module
s\tailwindcss\dist\lib.js:21:17
2)
    at ln 
(C:\Users\hp\Desktop\Flyeng 
Career\Final Folder\node_module
s\tailwindcss\dist\lib.js:38:29
4)
    at async sn 
(C:\Users\hp\Desktop\Flyeng 
Career\Final Folder\node_module
s\tailwindcss\dist\lib.js:38:63
1)
    at async Qr 
(C:\Users\hp\Desktop\Flyeng 
Career\Final Folder\node_module
s\@tailwindcss\node\dist\index.
js:10:3385)
    at async I 
(C:\Users\hp\Desktop\Flyeng 
Career\Final Folder\node_module
s\@tailwindcss\postcss\dist\ind
ex.js:10:3978)
<w> [webpack.cache.PackFileCach
eStrategy] Skipped not 
serializable cache item 'Compil
ation/modules|C:\Users\hp\Deskt
op\Flyeng Career\Final Folder\n
ode_modules\next\dist\build\web
pack\loaders\css-loader\src\ind
ex.js??ruleSet[1].rules[14].one
Of[12].use[2]!C:\Users\hp\Deskt
op\Flyeng Career\Final Folder\n
ode_modules\next\dist\build\web
pack\loaders\postcss-loader\src
\index.js??ruleSet[1].rules[14]
.oneOf[12].use[3]!C:\Users\hp\D
esktop\Flyeng Career\Final 
Folder\app\globals.css': No 
serializer registered for 
PostCSSSyntaxError
<w> while serializing webpack/l
ib/cache/PackFileCacheStrategy.
PackContentItems -> 
webpack/lib/NormalModule -> 
webpack/lib/ModuleBuildError 
-> PostCSSSyntaxError
Failed to compile.

./app/globals.css:1:1
Syntax error: tailwindcss: 
C:\Users\hp\Desktop\Flyeng 
Career\Final 
Folder\app\globals.css Cannot 
apply unknown utility class `sh
adow-[inset_0_0_20px_rgba(255,`

[1m[31m>[39m[22m[90m 1 | 
[39m[36m@import[39m [32m"ta
ilwindcss"[39m[33m;[39m
 [90m   | 
[39m[1m[31m^[39m[22m
 [90m 2 | [39m
 [90m 3 | 
[39m[36m@layer[39m 
utilities [33m{[39m

./app/globals.css
Syntax error: tailwindcss: 
C:\Users\hp\Desktop\Flyeng 
Career\Final 
Folder\app\globals.css Cannot 
apply unknown utility class `sh
adow-[inset_0_0_20px_rgba(255,`
 (1:1)

[1m[31m>[39m[22m[90m 1 | 
[39m[36m@import[39m [32m"ta
ilwindcss"[39m[33m;[39m
 [90m   | 
[39m[1m[31m^[39m[22m
 [90m 2 | [39m
 [90m 3 | 
[39m[36m@layer[39m 
utilities [33m{[39m

    at tryRunOrWebpackError 
(C:\Users\hp\Desktop\Flyeng 
Career\Final Folder\node_module
s\next\dist\compiled\webpack\bu
ndle5.js:28:312989)
    at 
__webpack_require_module__ 
(C:\Users\hp\Desktop\Flyeng 
Career\Final Folder\node_module
s\next\dist\compiled\webpack\bu
ndle5.js:28:131165)
    at __nested_webpack_require
_153728__ 
(C:\Users\hp\Desktop\Flyeng 
Career\Final Folder\node_module
s\next\dist\compiled\webpack\bu
ndle5.js:28:130607)
    at 
C:\Users\hp\Desktop\Flyeng 
Career\Final Folder\node_module
s\next\dist\compiled\webpack\bu
ndle5.js:28:131454
    at symbolIterator 
(C:\Users\hp\Desktop\Flyeng 
Career\Final Folder\node_module
s\next\dist\compiled\neo-async\
async.js:1:14444)
    at done 
(C:\Users\hp\Desktop\Flyeng 
Career\Final Folder\node_module
s\next\dist\compiled\neo-async\
async.js:1:14824)
    at Hook.eval [as 
callAsync] (eval at create 
(C:\Users\hp\Desktop\Flyeng 
Career\Final Folder\node_module
s\next\dist\compiled\webpack\bu
ndle5.js:13:28858), 
<anonymous>:15:1)
    at 
Hook.CALL_ASYNC_DELEGATE [as 
_callAsync] 
(C:\Users\hp\Desktop\Flyeng 
Career\Final Folder\node_module
s\next\dist\compiled\webpack\bu
ndle5.js:13:26012)
    at 
C:\Users\hp\Desktop\Flyeng 
Career\Final Folder\node_module
s\next\dist\compiled\webpack\bu
ndle5.js:28:130328
    at symbolIterator 
(C:\Users\hp\Desktop\Flyeng 
Career\Final Folder\node_module
s\next\dist\compiled\neo-async\
async.js:1:14402)
-- inner error --
Syntax error: tailwindcss: 
C:\Users\hp\Desktop\Flyeng 
Career\Final 
Folder\app\globals.css Cannot 
apply unknown utility class `sh
adow-[inset_0_0_20px_rgba(255,`
 (1:1)

[1m[31m>[39m[22m[90m 1 | 
[39m[36m@import[39m [32m"ta
ilwindcss"[39m[33m;[39m
 [90m   | 
[39m[1m[31m^[39m[22m
 [90m 2 | [39m
 [90m 3 | 
[39m[36m@layer[39m 
utilities [33m{[39m

    at Object.<anonymous> 
(C:\Users\hp\Desktop\Flyeng 
Career\Final Folder\node_module
s\next\dist\build\webpack\loade
rs\css-loader\src\index.js??rul
eSet[1].rules[14].oneOf[12].use
[2]!C:\Users\hp\Desktop\Flyeng 
Career\Final Folder\node_module
s\next\dist\build\webpack\loade
rs\postcss-loader\src\index.js?
?ruleSet[1].rules[14].oneOf[12]
.use[3]!C:\Users\hp\Desktop\Fly
eng Career\Final 
Folder\app\globals.css:1:7)
    at 
C:\Users\hp\Desktop\Flyeng 
Career\Final Folder\node_module
s\next\dist\compiled\webpack\bu
ndle5.js:28:922493
    at Hook.eval [as call] 
(eval at create 
(C:\Users\hp\Desktop\Flyeng 
Career\Final Folder\node_module
s\next\dist\compiled\webpack\bu
ndle5.js:13:28636), 
<anonymous>:7:1)
    at Hook.CALL_DELEGATE [as 
_call] 
(C:\Users\hp\Desktop\Flyeng 
Career\Final Folder\node_module
s\next\dist\compiled\webpack\bu
ndle5.js:13:25906)
    at 
C:\Users\hp\Desktop\Flyeng 
Career\Final Folder\node_module
s\next\dist\compiled\webpack\bu
ndle5.js:28:131198
    at tryRunOrWebpackError 
(C:\Users\hp\Desktop\Flyeng 
Career\Final Folder\node_module
s\next\dist\compiled\webpack\bu
ndle5.js:28:312943)
    at 
__webpack_require_module__ 
(C:\Users\hp\Desktop\Flyeng 
Career\Final Folder\node_module
s\next\dist\compiled\webpack\bu
ndle5.js:28:131165)
    at __nested_webpack_require
_153728__ 
(C:\Users\hp\Desktop\Flyeng 
Career\Final Folder\node_module
s\next\dist\compiled\webpack\bu
ndle5.js:28:130607)
    at 
C:\Users\hp\Desktop\Flyeng 
Career\Final Folder\node_module
s\next\dist\compiled\webpack\bu
ndle5.js:28:131454
    at symbolIterator 
(C:\Users\hp\Desktop\Flyeng 
Career\Final Folder\node_module
s\next\dist\compiled\neo-async\
async.js:1:14444)

Generated code for 
C:\Users\hp\Desktop\Flyeng 
Career\Final Folder\node_module
s\next\dist\build\webpack\loade
rs\css-loader\src\index.js??rul
eSet[1].rules[14].oneOf[12].use
[2]!C:\Users\hp\Desktop\Flyeng 
Career\Final Folder\node_module
s\next\dist\build\webpack\loade
rs\postcss-loader\src\index.js?
?ruleSet[1].rules[14].oneOf[12]
.use[3]!C:\Users\hp\Desktop\Fly
eng Career\Final 
Folder\app\globals.css

Import trace for requested 
module:
./app/globals.css


> Build failed because of 
webpack errors
