
> flyeng-career-platform@0.1.0 build
> next build

  Γû▓ Next.js 14.2.25
  - Environments: .env.local, .env
  - Experiments (use with caution):
    ┬╖ turbo

   Creating an optimized production build ...
node.exe : Failed to compile.
At C:\Program 
Files\nodejs\npm.ps1:29 char:3
+   & $NODE_EXE $NPM_CLI_JS $args
+   ~~~~~~~~~~~~~~~~~~~~~~~~~~~~~
    + CategoryInfo          : NotS 
   pecified: (Failed to compile.:  
  String) [], RemoteException
    + FullyQualifiedErrorId : Nati 
   veCommandError
 

./app/aptitude-prep/pyq/page.tsx
Error: 
  [31mx[0m the name `motion` is 
defined multiple times
    ,-[[36;1;4mC:\Users\hp\Desktop
\Flyeng Career\Final Folder\app\apt
itude-prep\pyq\page.tsx[0m:1:1]
 [2m 1[0m | "use client"
 [2m 2[0m | 
 [2m 3[0m | import { SiteHeader 
} from "@/components/site-header"
 [2m 4[0m | import { motion } 
from "framer-motion"
    : [31;1m         ^^^|^^[0m
    :             [31;1m`-- 
[31;1mprevious definition of 
`motion` here[0m[0m
 [2m 5[0m | import { ArrowRight, 
Building2, ChevronRight, Play, 
Trophy } from "lucide-react"
 [2m 6[0m | import Link from 
"next/link"
 [2m 7[0m | import dynamicImport 
from "next/dynamic"
 [2m 8[0m | 
 [2m 9[0m | const EnhancedFooter 
= dynamicImport(() => import("@/com
ponents/enhanced-footer").then(mod 
=> mod.EnhancedFooter), { ssr: 
false })
 [2m10[0m | 
 [2m11[0m | import { 
TCS_MOCK_SETS } from 
"@/lib/tcs-mock-data"
 [2m12[0m | import { motion } 
from "framer-motion"
    : [33;1m         ^^^|^^[0m
    :             [33;1m`-- 
[33;1m`motion` redefined 
here[0m[0m
 [2m13[0m | import { ArrowRight, 
ChevronRight, Play, Trophy, Cpu, 
Network } from "lucide-react"
 [2m14[0m | import Link from 
"next/link"
 [2m14[0m | import dynamicImport 
from "next/dynamic"
    `----

  [31mx[0m the name `ArrowRight` 
is defined multiple times
    ,-[[36;1;4mC:\Users\hp\Desktop
\Flyeng Career\Final Folder\app\apt
itude-prep\pyq\page.tsx[0m:2:1]
 [2m 2[0m | 
 [2m 3[0m | import { SiteHeader 
} from "@/components/site-header"
 [2m 4[0m | import { motion } 
from "framer-motion"
 [2m 5[0m | import { ArrowRight, 
Building2, ChevronRight, Play, 
Trophy } from "lucide-react"
    : [31;1m         
^^^^^|^^^^[0m
    :               [31;1m`-- 
[31;1mprevious definition of 
`ArrowRight` here[0m[0m
 [2m 6[0m | import Link from 
"next/link"
 [2m 7[0m | import dynamicImport 
from "next/dynamic"
 [2m 8[0m | 
 [2m 9[0m | const EnhancedFooter 
= dynamicImport(() => import("@/com
ponents/enhanced-footer").then(mod 
=> mod.EnhancedFooter), { ssr: 
false })
 [2m10[0m | 
 [2m11[0m | import { 
TCS_MOCK_SETS } from 
"@/lib/tcs-mock-data"
 [2m12[0m | import { motion } 
from "framer-motion"
 [2m13[0m | import { ArrowRight, 
ChevronRight, Play, Trophy, Cpu, 
Network } from "lucide-react"
    : [33;1m         
^^^^^|^^^^[0m
    :               [33;1m`-- 
[33;1m`ArrowRight` redefined 
here[0m[0m
 [2m14[0m | import Link from 
"next/link"
 [2m15[0m | import dynamicImport 
from "next/dynamic"
 [2m15[0m | 
    `----

  [31mx[0m the name 
`ChevronRight` is defined multiple 
times
    ,-[[36;1;4mC:\Users\hp\Desktop
\Flyeng Career\Final Folder\app\apt
itude-prep\pyq\page.tsx[0m:2:1]
 [2m 2[0m | 
 [2m 3[0m | import { SiteHeader 
} from "@/components/site-header"
 [2m 4[0m | import { motion } 
from "framer-motion"
 [2m 5[0m | import { ArrowRight, 
Building2, ChevronRight, Play, 
Trophy } from "lucide-react"
    : [31;1m                      
          ^^^^^^|^^^^^[0m
    :                              
         [31;1m`-- 
[31;1mprevious definition of 
`ChevronRight` here[0m[0m
 [2m 6[0m | import Link from 
"next/link"
 [2m 7[0m | import dynamicImport 
from "next/dynamic"
 [2m 8[0m | 
 [2m 9[0m | const EnhancedFooter 
= dynamicImport(() => import("@/com
ponents/enhanced-footer").then(mod 
=> mod.EnhancedFooter), { ssr: 
false })
 [2m10[0m | 
 [2m11[0m | import { 
TCS_MOCK_SETS } from 
"@/lib/tcs-mock-data"
 [2m12[0m | import { motion } 
from "framer-motion"
 [2m13[0m | import { ArrowRight, 
ChevronRight, Play, Trophy, Cpu, 
Network } from "lucide-react"
    : [33;1m                     
^^^^^^|^^^^^[0m
    :                            
[33;1m`-- [33;1m`ChevronRight` 
redefined here[0m[0m
 [2m14[0m | import Link from 
"next/link"
 [2m15[0m | import dynamicImport 
from "next/dynamic"
 [2m15[0m | 
    `----

  [31mx[0m the name `Play` is 
defined multiple times
    ,-[[36;1;4mC:\Users\hp\Desktop
\Flyeng Career\Final Folder\app\apt
itude-prep\pyq\page.tsx[0m:2:1]
 [2m 2[0m | 
 [2m 3[0m | import { SiteHeader 
} from "@/components/site-header"
 [2m 4[0m | import { motion } 
from "framer-motion"
 [2m 5[0m | import { ArrowRight, 
Building2, ChevronRight, Play, 
Trophy } from "lucide-react"
    : [31;1m                      
                        ^^|^[0m
    :                              
                   [31;1m`-- 
[31;1mprevious definition of 
`Play` here[0m[0m
 [2m 6[0m | import Link from 
"next/link"
 [2m 7[0m | import dynamicImport 
from "next/dynamic"
 [2m 8[0m | 
 [2m 9[0m | const EnhancedFooter 
= dynamicImport(() => import("@/com
ponents/enhanced-footer").then(mod 
=> mod.EnhancedFooter), { ssr: 
false })
 [2m10[0m | 
 [2m11[0m | import { 
TCS_MOCK_SETS } from 
"@/lib/tcs-mock-data"
 [2m12[0m | import { motion } 
from "framer-motion"
 [2m13[0m | import { ArrowRight, 
ChevronRight, Play, Trophy, Cpu, 
Network } from "lucide-react"
    : [33;1m                      
             ^^|^[0m
    :                              
        [33;1m`-- [33;1m`Play` 
redefined here[0m[0m
 [2m14[0m | import Link from 
"next/link"
 [2m15[0m | import dynamicImport 
from "next/dynamic"
 [2m15[0m | 
    `----

  [31mx[0m the name `Trophy` is 
defined multiple times
    ,-[[36;1;4mC:\Users\hp\Desktop
\Flyeng Career\Final Folder\app\apt
itude-prep\pyq\page.tsx[0m:2:1]
 [2m 2[0m | 
 [2m 3[0m | import { SiteHeader 
} from "@/components/site-header"
 [2m 4[0m | import { motion } 
from "framer-motion"
 [2m 5[0m | import { ArrowRight, 
Building2, ChevronRight, Play, 
Trophy } from "lucide-react"
    : [31;1m                      
                              
^^^|^^[0m
    :                              
                          
[31;1m`-- [31;1mprevious 
definition of `Trophy` here[0m[0m
 [2m 6[0m | import Link from 
"next/link"
 [2m 7[0m | import dynamicImport 
from "next/dynamic"
 [2m 8[0m | 
 [2m 9[0m | const EnhancedFooter 
= dynamicImport(() => import("@/com
ponents/enhanced-footer").then(mod 
=> mod.EnhancedFooter), { ssr: 
false })
 [2m10[0m | 
 [2m11[0m | import { 
TCS_MOCK_SETS } from 
"@/lib/tcs-mock-data"
 [2m12[0m | import { motion } 
from "framer-motion"
 [2m13[0m | import { ArrowRight, 
ChevronRight, Play, Trophy, Cpu, 
Network } from "lucide-react"
    : [33;1m                      
                   ^^^|^^[0m
    :                              
               [33;1m`-- 
[33;1m`Trophy` redefined 
here[0m[0m
 [2m14[0m | import Link from 
"next/link"
 [2m15[0m | import dynamicImport 
from "next/dynamic"
 [2m15[0m | 
    `----

  [31mx[0m the name `Link` is 
defined multiple times
    ,-[[36;1;4mC:\Users\hp\Desktop
\Flyeng Career\Final Folder\app\apt
itude-prep\pyq\page.tsx[0m:3:1]
 [2m 3[0m | import { SiteHeader 
} from "@/components/site-header"
 [2m 4[0m | import { motion } 
from "framer-motion"
 [2m 5[0m | import { ArrowRight, 
Building2, ChevronRight, Play, 
Trophy } from "lucide-react"
 [2m 6[0m | import Link from 
"next/link"
    : [31;1m       ^^|^[0m
    :          [31;1m`-- 
[31;1mprevious definition of 
`Link` here[0m[0m
 [2m 7[0m | import dynamicImport 
from "next/dynamic"
 [2m 8[0m | 
 [2m 9[0m | const EnhancedFooter 
= dynamicImport(() => import("@/com
ponents/enhanced-footer").then(mod 
=> mod.EnhancedFooter), { ssr: 
false })
 [2m10[0m | 
 [2m11[0m | import { 
TCS_MOCK_SETS } from 
"@/lib/tcs-mock-data"
 [2m12[0m | import { motion } 
from "framer-motion"
 [2m13[0m | import { ArrowRight, 
ChevronRight, Play, Trophy, Cpu, 
Network } from "lucide-react"
 [2m14[0m | import Link from 
"next/link"
    : [33;1m       ^^|^[0m
    :          [33;1m`-- 
[33;1m`Link` redefined 
here[0m[0m
 [2m15[0m | import dynamicImport 
from "next/dynamic"
 [2m16[0m | 
 [2m16[0m | const EnhancedFooter 
= dynamicImport(() => import("@/com
ponents/enhanced-footer").then(mod 
=> mod.EnhancedFooter), { ssr: 
false })
    `----

  [31mx[0m the name 
`dynamicImport` is defined 
multiple times
    ,-[[36;1;4mC:\Users\hp\Desktop
\Flyeng Career\Final Folder\app\apt
itude-prep\pyq\page.tsx[0m:4:1]
 [2m 4[0m | import { motion } 
from "framer-motion"
 [2m 5[0m | import { ArrowRight, 
Building2, ChevronRight, Play, 
Trophy } from "lucide-react"
 [2m 6[0m | import Link from 
"next/link"
 [2m 7[0m | import dynamicImport 
from "next/dynamic"
    : [31;1m       
^^^^^^|^^^^^^[0m
    :              [31;1m`-- 
[31;1mprevious definition of 
`dynamicImport` here[0m[0m
 [2m 8[0m | 
 [2m 9[0m | const EnhancedFooter 
= dynamicImport(() => import("@/com
ponents/enhanced-footer").then(mod 
=> mod.EnhancedFooter), { ssr: 
false })
 [2m10[0m | 
 [2m11[0m | import { 
TCS_MOCK_SETS } from 
"@/lib/tcs-mock-data"
 [2m12[0m | import { motion } 
from "framer-motion"
 [2m13[0m | import { ArrowRight, 
ChevronRight, Play, Trophy, Cpu, 
Network } from "lucide-react"
 [2m14[0m | import Link from 
"next/link"
 [2m15[0m | import dynamicImport 
from "next/dynamic"
    : [33;1m       
^^^^^^|^^^^^^[0m
    :              [33;1m`-- 
[33;1m`dynamicImport` redefined 
here[0m[0m
 [2m16[0m | 
 [2m17[0m | const EnhancedFooter 
= dynamicImport(() => import("@/com
ponents/enhanced-footer").then(mod 
=> mod.EnhancedFooter), { ssr: 
false })
 [2m17[0m | 
    `----

  [31mx[0m the name 
`EnhancedFooter` is defined 
multiple times
    ,-[[36;1;4mC:\Users\hp\Desktop
\Flyeng Career\Final Folder\app\apt
itude-prep\pyq\page.tsx[0m:6:1]
 [2m 6[0m | import Link from 
"next/link"
 [2m 7[0m | import dynamicImport 
from "next/dynamic"
 [2m 8[0m | 
 [2m 9[0m | const EnhancedFooter 
= dynamicImport(() => import("@/com
ponents/enhanced-footer").then(mod 
=> mod.EnhancedFooter), { ssr: 
false })
    : [31;1m      
^^^^^^^|^^^^^^[0m
    :              [31;1m`-- 
[31;1mprevious definition of 
`EnhancedFooter` here[0m[0m
 [2m10[0m | 
 [2m11[0m | import { 
TCS_MOCK_SETS } from 
"@/lib/tcs-mock-data"
 [2m12[0m | import { motion } 
from "framer-motion"
 [2m13[0m | import { ArrowRight, 
ChevronRight, Play, Trophy, Cpu, 
Network } from "lucide-react"
 [2m14[0m | import Link from 
"next/link"
 [2m15[0m | import dynamicImport 
from "next/dynamic"
 [2m16[0m | 
 [2m17[0m | const EnhancedFooter 
= dynamicImport(() => import("@/com
ponents/enhanced-footer").then(mod 
=> mod.EnhancedFooter), { ssr: 
false })
    : [33;1m      
^^^^^^^|^^^^^^[0m
    :              [33;1m`-- 
[33;1m`EnhancedFooter` redefined 
here[0m[0m
 [2m18[0m | 
 [2m19[0m | export default 
function PYQVaultPage() {
 [2m19[0m |   return (
    `----

Import trace for requested module:
./app/aptitude-prep/pyq/page.tsx


> Build failed because of webpack 
errors
