
> flyeng-career-platform@0.1.0 build
> next build

  Γû▓ Next.js 14.2.25
  - Environments: .env.local, .env
  - Experiments (use with caution):
    ┬╖ turbo

   Creating an optimized production build ...
node.exe : (node:15036) [DEP0040] 
DeprecationWarning: The `punycode` 
module is deprecated. Please use a 
userland alternative instead.
At C:\Program 
Files\nodejs\npm.ps1:29 char:3
+   & $NODE_EXE $NPM_CLI_JS $args
+   ~~~~~~~~~~~~~~~~~~~~~~~~~~~~~
    + CategoryInfo          : NotS 
   pecified: ((node:15036) [D...n  
  ative instead.:String) [], Rem   
 oteException
    + FullyQualifiedErrorId : Nati 
   veCommandError
 
(Use `node --trace-deprecation 
...` to show where the warning was 
created)
 ΓÜá Compiled with warnings

./node_modules/@vladmandic/face-api
/dist/face-api.esm.js
Critical dependency: require 
function is used in a way in which 
dependencies cannot be statically 
extracted

Import trace for requested module:
./node_modules/@vladmandic/face-api
/dist/face-api.esm.js
./lib/face-detection.ts
./app/interview/live/live-interview
-client.tsx
./app/interview/live/page.tsx

./node_modules/@vladmandic/face-api
/dist/face-api.esm.js
Critical dependency: require 
function is used in a way in which 
dependencies cannot be statically 
extracted

Import trace for requested module:
./node_modules/@vladmandic/face-api
/dist/face-api.esm.js
./lib/face-detection.ts
./app/interview/live/live-interview
-client.tsx
./app/interview/live/page.tsx

   Skipping validation of types
   Skipping linting
   Collecting page data ...
(node:10016) [DEP0040] 
DeprecationWarning: The `punycode` 
module is deprecated. Please use a 
userland alternative instead.
(Use `node --trace-deprecation 
...` to show where the warning was 
created)
(node:22420) [DEP0040] 
DeprecationWarning: The `punycode` 
module is deprecated. Please use a 
userland alternative instead.
(Use `node --trace-deprecation 
...` to show where the warning was 
created)
(node:9360) [DEP0040] 
DeprecationWarning: The `punycode` 
module is deprecated. Please use a 
userland alternative instead.
(Use `node --trace-deprecation 
...` to show where the warning was 
created)
(node:16408) [DEP0040] 
DeprecationWarning: The `punycode` 
module is deprecated. Please use a 
userland alternative instead.
(Use `node --trace-deprecation 
...` to show where the warning was 
created)
(node:6964) [DEP0040] 
DeprecationWarning: The `punycode` 
module is deprecated. Please use a 
userland alternative instead.
(Use `node --trace-deprecation 
...` to show where the warning was 
created)
(node:16756) [DEP0040] 
DeprecationWarning: The `punycode` 
module is deprecated. Please use a 
userland alternative instead.
(Use `node --trace-deprecation 
...` to show where the warning was 
created)
(node:21704) [DEP0040] 
DeprecationWarning: The `punycode` 
module is deprecated. Please use a 
userland alternative instead.
(Use `node --trace-deprecation 
...` to show where the warning was 
created)
(node:4496) [DEP0040] 
DeprecationWarning: The `punycode` 
module is deprecated. Please use a 
userland alternative instead.
(Use `node --trace-deprecation 
...` to show where the warning was 
created)
 ΓÜá Using edge runtime on a page 
currently disables static 
generation for that page
(node:4688) [DEP0040] 
DeprecationWarning: The `punycode` 
module is deprecated. Please use a 
userland alternative instead.
(Use `node --trace-deprecation 
...` to show where the warning was 
created)
(node:23020) [DEP0040] 
DeprecationWarning: The `punycode` 
module is deprecated. Please use a 
userland alternative instead.
(Use `node --trace-deprecation 
...` to show where the warning was 
created)
   Generating static pages (0/96) ...
(node:24656) [DEP0040] 
DeprecationWarning: The `punycode` 
module is deprecated. Please use a 
userland alternative instead.
(Use `node --trace-deprecation 
...` to show where the warning was 
created)
   Generating static pages (24/96) 
[DB Mock] Query skipped (No 
connection string): -- Users Table
CREATE TABLE IF NOT EXISTS users (
  id UUID PRIMARY KEY DEFAULT 
gen_random_uuid(),
  email VARCHAR(255) UNIQUE NOT 
NULL,
  password_hash VARCHAR(255) NOT 
NULL,
  full_name VARCHAR(255),
  avatar_url TEXT,
  bio TEXT,
  company VARCHAR(255),
  title VARCHAR(255),
  location VARCHAR(255),
  website VARCHAR(255),
  github_profile VARCHAR(255),
  linkedin_profile VARCHAR(255),
  twitter_profile VARCHAR(255),
  
  -- Settings
  theme VARCHAR(10) DEFAULT 'dark',
  language VARCHAR(10) DEFAULT 
'en',
  timezone VARCHAR(50) DEFAULT 
'UTC',
  email_verified BOOLEAN DEFAULT 
FALSE,
  two_factor_enabled BOOLEAN 
DEFAULT FALSE,
  
  -- Subscription
  subscription_plan VARCHAR(20) 
DEFAULT 'free',
  stripe_customer_id VARCHAR(255),
  stripe_subscription_id 
VARCHAR(255),
  plan_expires_at TIMESTAMP,
  
  -- Usage tracking
  websites_created INTEGER DEFAULT 
0,
  api_calls_this_month INTEGER 
DEFAULT 0,
  storage_used_mb INTEGER DEFAULT 
0,
  
  -- Timestamps
  created_at TIMESTAMP DEFAULT 
CURRENT_TIMESTAMP,
  updated_at TIMESTAMP DEFAULT 
CURRENT_TIMESTAMP,
  last_login TIMESTAMP,
  
  -- Status
  is_active BOOLEAN DEFAULT TRUE,
  is_banned BOOLEAN DEFAULT FALSE,
  ban_reason VARCHAR(255)
);

-- Projects Table (Websites)
CREATE TABLE IF NOT EXISTS 
projects (
  id UUID PRIMARY KEY DEFAULT 
gen_random_uuid(),
  user_id UUID NOT NULL REFERENCES 
users(id) ON DELETE CASCADE,
  
  name VARCHAR(255) NOT NULL,
  description TEXT,
  thumbnail_url TEXT,
  
  -- Content
  html_content TEXT,
  css_content TEXT,
  js_content TEXT,
  
  -- Metadata
  mode VARCHAR(10) DEFAULT 'ai',
  original_prompt TEXT,
  builder_used VARCHAR(50),
  
  -- Settings
  is_public BOOLEAN DEFAULT FALSE,
  is_template BOOLEAN DEFAULT 
FALSE,
  shared_token VARCHAR(255),
  
  -- Status
  status VARCHAR(20) DEFAULT 
'draft',
  
  -- Timestamps
  created_at TIMESTAMP DEFAULT 
CURRENT_TIMESTAMP,
  updated_at TIMESTAMP DEFAULT 
CURRENT_TIMESTAMP,
  published_at TIMESTAMP,
  
  -- SEO
  seo_title VARCHAR(255),
  seo_description VARCHAR(500),
  seo_keywords VARCHAR(255),
  
  -- Analytics
  views INTEGER DEFAULT 0,
  shares INTEGER DEFAULT 0,
  exports INTEGER DEFAULT 0
);

-- Project Versions (History)
CREATE TABLE IF NOT EXISTS 
project_versions (
  id UUID PRIMARY KEY DEFAULT 
gen_random_uuid(),
  project_id UUID NOT NULL 
REFERENCES projects(id) ON DELETE 
CASCADE,
  
  version_number INTEGER NOT NULL,
  html_content TEXT,
  css_content TEXT,
  js_content TEXT,
  
  change_summary VARCHAR(500),
  created_by UUID NOT NULL 
REFERENCES users(id),
  created_at TIMESTAMP DEFAULT 
CURRENT_TIMESTAMP
);

-- Components Table (100+ 
components)
CREATE TABLE IF NOT EXISTS 
components (
  id UUID PRIMARY KEY DEFAULT 
gen_random_uuid(),
  
  name VARCHAR(255) NOT NULL,
  description TEXT,
  category VARCHAR(100),
  subcategory VARCHAR(100),
  
  html_template TEXT NOT NULL,
  css_template TEXT,
  js_template TEXT,
  
  thumbnail_url TEXT,
  preview_url TEXT,
  
  is_premium BOOLEAN DEFAULT FALSE,
  is_featured BOOLEAN DEFAULT 
FALSE,
  
  responsive BOOLEAN DEFAULT TRUE,
  accessibility BOOLEAN DEFAULT 
TRUE,
  seo_friendly BOOLEAN DEFAULT 
TRUE,
  
  dependencies JSONB,
  props JSONB,
  
  download_count INTEGER DEFAULT 0,
  rating NUMERIC(2,1) DEFAULT 0,
  
  created_by UUID REFERENCES 
users(id),
  created_at TIMESTAMP DEFAULT 
CURRENT_TIMESTAMP
);

-- Templates Table
CREATE TABLE IF NOT EXISTS 
templates (
  id UUID PRIMARY KEY DEFAULT 
gen_random_uuid(),
  
  name VARCHAR(255) NOT NULL,
  description TEXT,
  category VARCHAR(100),
  
  thumbnail_url TEXT,
  preview_url TEXT,
  
  html_content TEXT NOT NULL,
  css_content TEXT,
  js_content TEXT,
  
  is_premium BOOLEAN DEFAULT FALSE,
  price NUMERIC(10,2) DEFAULT 0,
  
  download_count INTEGER DEFAULT 0,
  rating NUMERIC(2,1) DEFAULT 0,
  
  created_by UUID REFERENCES 
users(id),
  created_at TIMESTAMP DEFAULT 
CURRENT_TIMESTAMP
);

-- Deployments Table
CREATE TABLE IF NOT EXISTS 
deployments (
  id UUID PRIMARY KEY DEFAULT 
gen_random_uuid(),
  project_id UUID NOT NULL 
REFERENCES projects(id) ON DELETE 
CASCADE,
  
  deployment_name VARCHAR(255),
  deployment_url VARCHAR(500),
  
  platform VARCHAR(20) DEFAULT 
'vercel',
  platform_id VARCHAR(255),
  
  status VARCHAR(20) DEFAULT 
'pending',
  error_message TEXT,
  
  deployed_by UUID REFERENCES 
users(id),
  deployed_at TIMESTAMP DEFAULT 
CURRENT_TIMESTAMP,
  
  -- Performance metrics
  build_time_ms INTEGER,
  bundle_size_kb INTEGER,
  lighthouse_score INTEGER
);

-- Analytics Table
CREATE TABLE IF NOT EXISTS 
analytics (
  id UUID PRIMARY KEY DEFAULT 
gen_random_uuid(),
  project_id UUID REFERENCES 
projects(id) ON DELETE CASCADE,
  
  user_id UUID REFERENCES 
users(id) ON DELETE CASCADE,
  
  event_type VARCHAR(100),
  event_data JSONB,
  
  ip_address INET,
  user_agent TEXT,
  referrer TEXT,
  
  created_at TIMESTAMP DEFAULT 
CURRENT_TIMESTAMP
);

-- Invitations & Sharing
CREATE TABLE IF NOT EXISTS 
invitations (
  id UUID PRIMARY KEY DEFAULT 
gen_random_uuid(),
  project_id UUID NOT NULL 
REFERENCES projects(id) ON DELETE 
CASCADE,
  
  invited_email VARCHAR(255) NOT 
NULL,
  inviter_id UUID NOT NULL 
REFERENCES users(id),
  
  role VARCHAR(20) DEFAULT 
'viewer',
  
  status VARCHAR(20) DEFAULT 
'pending',
  accepted_by UUID REFERENCES 
users(id),
  
  created_at TIMESTAMP DEFAULT 
CURRENT_TIMESTAMP,
  expires_at TIMESTAMP,
  accepted_at TIMESTAMP
);

-- Favorite Components
CREATE TABLE IF NOT EXISTS 
favorites (
  id UUID PRIMARY KEY DEFAULT 
gen_random_uuid(),
  user_id UUID NOT NULL REFERENCES 
users(id) ON DELETE CASCADE,
  component_id UUID NOT NULL 
REFERENCES components(id) ON 
DELETE CASCADE,
  
  created_at TIMESTAMP DEFAULT 
CURRENT_TIMESTAMP,
  
  UNIQUE(user_id, component_id)
);

-- Subscription Plans
CREATE TABLE IF NOT EXISTS 
subscription_plans (
  id UUID PRIMARY KEY DEFAULT 
gen_random_uuid(),
  
  name VARCHAR(100) NOT NULL 
UNIQUE,
  price_monthly NUMERIC(10,2),
  price_yearly NUMERIC(10,2),
  
  -- Features
  websites_limit INTEGER,
  storage_gb INTEGER,
  api_calls_monthly INTEGER,
  team_members INTEGER,
  
  features JSONB,
  
  stripe_product_id VARCHAR(255),
  stripe_price_id_monthly 
VARCHAR(255),
  stripe_price_id_yearly 
VARCHAR(255),
  
  is_active BOOLEAN DEFAULT TRUE
);

-- Indexes for Performance
CREATE INDEX IF NOT EXISTS 
idx_users_email ON users(email);
CREATE INDEX IF NOT EXISTS 
idx_projects_user_id ON 
projects(user_id);
CREATE INDEX IF NOT EXISTS 
idx_projects_is_public ON 
projects(is_public);
CREATE INDEX IF NOT EXISTS 
idx_components_category ON 
components(category);
CREATE INDEX IF NOT EXISTS 
idx_deployments_project_id ON 
deployments(project_id);
CREATE INDEX IF NOT EXISTS 
idx_analytics_project_id ON 
analytics(project_id);
CREATE INDEX IF NOT EXISTS 
idx_analytics_user_id ON 
analytics(user_id);
CREATE INDEX IF NOT EXISTS 
idx_analytics_created_at ON 
analytics(created_at);

[DB Mock] Query skipped (No 
connection string): SELECT id FROM 
users WHERE id = $1
[DB Mock] Query skipped (No 
connection string): 
            INSERT INTO users (id, 
email, password_hash, full_name, 
subscription_plan) 
            VALUES ($1, 
'demo@flyeng.com', 
'hashed_secret', 'Demo User', 
'pro')
        
   Generating static pages (48/96) 
   Generating static pages (72/96) 
 Γ£ô Generating static pages (96/96)
   Finalizing page optimization ...
   Collecting build traces ...

Route (app)                                Size     First Load JS
Γöî Γùï /                                      21.8 kB         261 kB
Γö£ Γùï /_not-found                            880 B          88.9 kB
Γö£ Γùï /3D-architecture-visualization-studio  9.51 kB         140 kB
Γö£ Γùï /3d-product-rendering                  4.25 kB         108 kB
Γö£ Γùï /about                                 7.2 kB          236 kB
Γö£ Γùï /admin                                 17.9 kB         117 kB
Γö£ Γùï /admin/login                           4.66 kB         105 kB
Γö£ Γùï /ai-tools                              6.91 kB         239 kB
Γö£ Γùï /ai-tools/code-explainer               8.76 kB         234 kB
Γö£ Γùï /ai-tools/code-explainer/app           38.6 kB         229 kB
Γö£ Γùï /ai-tools/coming-soon                  5.21 kB         235 kB
Γö£ Γùï /ai-tools/company-insider              7.9 kB          237 kB
Γö£ Γùï /ai-tools/company-insider/tool         94.5 kB         323 kB
Γö£ Γùï /ai-tools/compiler                     4.49 kB         235 kB
Γö£ Γùï /ai-tools/compiler/app                 12.9 kB         266 kB
Γö£ Γùï /ai-tools/cover-letter                 7.71 kB         238 kB
Γö£ Γùï /ai-tools/cover-letter/app             236 kB          487 kB
Γö£ Γùï /ai-tools/dsa-visualizer               6.12 kB         236 kB
Γö£ Γùï /ai-tools/dsa-visualizer/playground    42 kB           286 kB
Γö£ Γùï /ai-tools/job-market                   6.89 kB         237 kB
Γö£ Γùï /ai-tools/job-market/app               17.6 kB         356 kB
Γö£ Γùï /ai-tools/job-matcher                  4.8 kB          235 kB
Γö£ Γùï /ai-tools/job-matcher/app              7.17 kB         240 kB
Γö£ Γùï /ai-tools/mock-interview               168 B          88.2 kB
Γö£ Γùï /ai-tools/mock-interview/app           168 B          88.2 kB
Γö£ Γùï /ai-tools/project-ideas                5.38 kB         236 kB
Γö£ Γùï /ai-tools/project-ideas/app            10.4 kB         259 kB
Γö£ Γùï /ai-tools/quiz                         983 B           120 kB
Γö£ Γùï /ai-tools/quiz-generator               4.16 kB         234 kB
Γö£ Γùï /ai-tools/quiz-generator/app           5.96 kB         236 kB
Γö£ Γùï /ai-tools/quiz/app                     8.03 kB         238 kB
Γö£ Γùï /ai-tools/resume-builder               47.8 kB         415 kB
Γö£ Γùï /ai-tools/roadmap                      5.63 kB         236 kB
Γö£ Γùï /ai-tools/roadmap/app                  30 kB           260 kB
Γö£ Γùï /ai-tools/summarizer                   4.95 kB         235 kB
Γö£ Γùï /ai-tools/summarizer/app               5.3 kB          254 kB
Γö£ Γùï /ai-tools/trend-hunter                 6.46 kB         235 kB
Γö£ Γùï /ai-tools/trend-hunter/tool            21.6 kB         247 kB
Γö£ Γùï /ai-tools/website-builder              5.16 kB         231 kB
Γö£ Γùï /ai-tools/website-builder/ai           14.3 kB         171 kB
Γö£ Γùï /ai-tools/website-builder/canvas       11.2 kB         157 kB
Γö£ ╞Æ /api/builder/generate                  0 B                0 B
Γö£ ╞Æ /api/certificates/generate             0 B                0 B
Γö£ ╞Æ /api/chat                              0 B                0 B
Γö£ ╞Æ /api/compiler/analyze                  0 B                0 B
Γö£ ╞Æ /api/compiler/fix                      0 B                0 B
Γö£ ╞Æ /api/compiler/generate                 0 B                0 B
Γö£ ╞Æ /api/components                        0 B                0 B
Γö£ ╞Æ /api/course-context                    0 B                0 B
Γö£ ╞Æ /api/cover-letter/generate             0 B                0 B
Γö£ ╞Æ /api/enhance-prompt                    0 B                0 B
Γö£ ╞Æ /api/generate                          0 B                0 B
Γö£ ╞Æ /api/geo                               0 B                0 B
Γö£ ╞Æ /api/interview/evaluate                0 B                0 B
Γö£ ╞Æ /api/interview/finalize                0 B                0 B
Γö£ ╞Æ /api/interview/generate                0 B                0 B
Γö£ ╞Æ /api/interview/proctor                 0 B                0 B
Γö£ ╞Æ /api/interview/speak                   0 B                0 B
Γö£ ╞Æ /api/job-market/analyze                0 B                0 B
Γö£ ╞Æ /api/jobs                              0 B                0 B
Γö£ ╞Æ /api/project-ideas                     0 B                0 B
Γö£ ╞Æ /api/projects                          0 B                0 B
Γö£ ╞Æ /api/projects/[id]                     0 B                0 B
Γö£ ╞Æ /api/projects/[id]/deploy              0 B                0 B
Γö£ ╞Æ /api/projects/[id]/versions            0 B                0 B
Γö£ ╞Æ /api/prompt-to-code/generate           0 B                0 B
Γö£ ╞Æ /api/quiz/generate                     0 B                0 B
Γö£ ╞Æ /api/roadmap/generate                  0 B                0 B
Γö£ Γùï /api/setup-db                          0 B                0 B
Γö£ ╞Æ /api/summarizer/generate               0 B                0 B
Γö£ Γùï /auth/auth-code-error                  4.18 kB         199 kB
Γö£ ╞Æ /auth/callback                         0 B                0 B
Γö£ Γùï /auth/update-password                  6.3 kB          178 kB
Γö£ Γùï /checkout                              6.61 kB         101 kB
Γö£ Γùï /coming-soon                           4.91 kB         151 kB
Γö£ Γùï /contact                               6.86 kB         240 kB
Γö£ Γùï /courses                               11.9 kB         436 kB
Γö£ ╞Æ /courses/[courseId]                    10.7 kB         347 kB
Γö£ ╞Æ /courses/[courseId]/[lessonId]         20.2 kB         421 kB
Γö£ Γùï /dashboard                             17.9 kB         307 kB
Γö£ Γùï /dashboard/applications                10.5 kB         198 kB
Γö£ Γùï /dashboard/interview                   168 B          88.2 kB
Γö£ Γùï /dashboard/resume                      168 B          88.2 kB
Γö£ Γùï /dashboard/settings                    10.7 kB         199 kB
Γö£ Γùï /debug                                 3.28 kB         152 kB
Γö£ Γùï /faq                                   171 B           230 kB
Γö£ Γùï /features                              9.17 kB         235 kB
Γö£ Γùï /forgot-password                       7.18 kB         218 kB
Γö£ Γùï /interview                             168 B          88.2 kB
Γö£ Γùï /interview/config                      23.8 kB         158 kB
Γö£ Γùï /interview/dashboard                   1.25 kB        89.3 kB
Γö£ Γùï /interview/guidelines                  3.18 kB         145 kB
Γö£ Γùï /interview/live                        1.62 kB         129 kB
Γö£ Γùï /interview/setup                       368 B          88.4 kB
Γö£ Γùï /login                                 5.04 kB         223 kB
Γö£ Γùï /revisions                             172 B           230 kB
Γö£ ╞Æ /robots.txt                            0 B                0 B
Γö£ Γùï /signup                                8.47 kB         227 kB
Γö£ ╞Æ /sitemap.xml                           0 B                0 B
Γö£ Γùï /t&c                                   173 B           230 kB
Γöö ╞Æ /verify/[certificateId]                2.61 kB         101 kB
+ First Load JS shared by all              88.1 kB
  Γö£ chunks/2117-57ec405f10d1cc57.js        31.8 kB
  Γö£ chunks/fd9d1056-def3aac4257a2603.js    53.6 kB
  Γöö other shared chunks (total)            2.66 kB


╞Æ Middleware                               73.7 kB

Γùï  (Static)   prerendered as static content
╞Æ  (Dynamic)  server-rendered on demand

