Scanning 32310 lines...
Line 24104: `response.usage\` to your logs. You need to know h...
Line 26551: `user_id\` filter in a multi-tenant app!...
Found 2 potential debris lines.
